explicit oric-1 basic10.rom
                                        
  ORIC EXTENDED BASIC V1.0              
  ` 1983 TANGERINE                      
                                        
                                        
  47870 BYTES FREE                      
                                        
  Ready                                 
                                        
                                        
                                        
                                        
                                        
                                        
                                        
                                        
                                        
                                        
                                        
                                        
                                        
                                        
                                        
                                        
                                        
                                        
                                        
                                        
explicit atmos basic11b.rom
                                    CAPS
  ORIC EXTENDED BASIC V1.1              
  ` 1983 TANGERINE                      
                                        
                                        
   37631 BYTES FREE                     
                                        
  Ready                                 
                                        
                                        
                                        
                                        
                                        
                                        
                                        
                                        
                                        
                                        
                                        
                                        
                                        
                                        
                                        
                                        
                                        
                                        
                                        
                                        
generic-only oric-1
                                    CAPS
  ORIC EXTENDED BASIC V1.1              
  ` 1983 TANGERINE                      
                                        
                                        
   37631 BYTES FREE                     
                                        
  Ready                                 
                                        
                                        
                                        
                                        
                                        
                                        
                                        
                                        
                                        
                                        
                                        
                                        
                                        
                                        
                                        
                                        
                                        
                                        
                                        
                                        
generic-only atmos
                                    CAPS
  ORIC EXTENDED BASIC V1.1              
  ` 1983 TANGERINE                      
                                        
                                        
   37631 BYTES FREE                     
                                        
  Ready                                 
                                        
                                        
                                        
                                        
                                        
                                        
                                        
                                        
                                        
                                        
                                        
                                        
                                        
                                        
                                        
                                        
                                        
                                        
                                        
                                        
wrong-model boots=1
