   Compiling mos-via-6522 v0.31.0 (/Users/stevehill/Projects/198x/Emu198x/emu198x/crates/mos-via-6522)
   Compiling emu198x-gi-ay-3-8910 v0.6.0 (/Users/stevehill/Projects/198x/Emu198x/emu198x/crates/emu198x-gi-ay-3-8910)
   Compiling gi-ay-3-8912 v0.31.0 (/Users/stevehill/Projects/198x/Emu198x/emu198x/crates/gi-ay-3-8912)
   Compiling machine-oric-atmos v0.31.0 (/Users/stevehill/Projects/198x/Emu198x/emu198x/crates/machine-oric-atmos)
   Compiling runtime-oric-atmos v0.31.0 (/Users/stevehill/Projects/198x/Emu198x/emu198x/crates/runtime-oric-atmos)
    Finished `release` profile [optimized] target(s) in 11.10s
     Running unittests src/lib.rs (target/release/deps/emu198x_gi_ay_3_8910-1725bbcc920403c0)

running 18 tests
test tests::detection_pattern_works ... ok
test tests::envelope_shape_10_makes_a_triangle ... ok
test tests::envelope_shape_14_makes_a_triangle ... ok
test tests::envelope_shapes_11_and_13_hold_at_max ... ok
test tests::envelope_continue_zero_shapes_fall_and_hold_at_zero ... ok
test tests::envelope_steps_every_16_ep_ticks ... ok
test tests::envelope_shape_8_repeats_a_falling_sawtooth ... ok
test tests::noise_lfsr_advances_every_16_np_ticks ... ok
test tests::envelope_shapes_9_and_15_hold_at_zero ... ok
test tests::register_read_write ... ok
test tests::noise_period_masked ... ok
test tests::port_a_input_mask_defaults_to_no_pull ... ok
test tests::selected_register_and_registers_expose_full_state ... ok
test tests::silent_by_default ... ok
test tests::sinclair_128k_port_a_pull_returns_bf_for_register_14 ... ok
test watch::tests::clear_drops_records_but_keeps_capture_armed ... ok
test watch::tests::records_writes_until_cap ... ok
test tests::tone_produces_output ... ok

test result: ok. 18 passed; 0 failed; 0 ignored; 0 measured; 0 filtered out; finished in 0.00s

     Running unittests src/lib.rs (target/release/deps/gi_ay_3_8912-9b8d54ef22577593)

running 3 tests
test tests::register_read_write ... ok
test tests::sinclair_128k_port_a_pull_returns_bf_for_register_14 ... ok
test tests::tone_produces_output ... ok

test result: ok. 3 passed; 0 failed; 0 ignored; 0 measured; 0 filtered out; finished in 0.00s

     Running unittests src/lib.rs (target/release/deps/machine_oric_atmos-d6564c9015e44399)

running 38 tests
test expansion_port::tests::map_takes_the_low_48k_off_the_ram ... ok
test expansion_port::tests::map_reads_the_ram_under_the_rom ... ok
test expansion_port::tests::releasing_the_lines_brings_the_rom_back ... ok
test expansion_port::tests::the_48k_oric_1_has_ram_under_its_rom_too ... ok
test expansion_port::tests::romdis_alone_silences_the_rom_without_exposing_ram ... ok
test tests::a_mode_attribute_switches_the_rest_of_its_line ... ok
test tests::a_write_under_the_rom_reaches_ram_only_under_map ... ok
test tape::tests::transport_stops_with_the_motor ... ok
test tests::alternate_charset_attribute_selects_the_text_and_hires_banks ... ok
test tests::ay_bus_follows_cb2_pulse_release_without_repeating_held_writes ... ok
test tests::ay_bus_decodes_all_four_ca2_cb2_phases ... ok
test expansion_port::tests::with_the_lines_released_the_top_16k_reads_rom ... ok
test tests::ay_bus_follows_port_a_read_strobes_and_their_release ... ok
test tests::ay_bus_receives_cb2_handshake_release_from_tape_cb1 ... ok
test tests::ay_watch_captures_data_writes_through_the_via ... ok
test tests::ay_bus_uses_driven_levels_in_all_idle_high_output_modes ... ok
test tests::double_height_repeats_each_glyph_raster_line ... ok
test tests::cpu_strobes_reach_the_ay_once_per_transfer ... ok
test tests::flash_also_gates_hires_bitmap_data ... ok
test tests::flash_blanks_then_reveals_glyph_data_on_the_ula_phase ... ok
test tests::hires_text_window_is_at_the_bottom ... ok
test expansion_port::tests::the_6502_runs_from_the_shadow_ram_under_map ... ok
test tests::ijk_inactive_unless_pb4_is_a_driven_low_output ... ok
test tests::ijk_joystick_reads_on_port_a_when_enabled_and_selected ... ok
test tests::key_press_and_release_round_trip ... ok
test expansion_port::tests::the_lines_survive_a_snapshot ... ok
test tests::keyboard_senses_on_pb3 ... ok
test tests::render_scanline_reads_its_own_character_row ... ok
test tests::rom_visible_at_c000 ... ok
test tests::via_register_round_trip ... ok
test tests::frame_runs_expected_cycles ... ok
test tests::a_scanned_mode_attribute_persists_after_the_byte_is_gone ... ok
test tests::stepping_a_frames_worth_of_instructions_is_a_frame ... ok
test tests::sixty_hertz_attributes_shorten_the_frame ... ok
test tests::snapshot_round_trips_live_state ... ok
test tests::the_cpu_runs_uncontended_in_text_and_hires ... ok
test tests::many_frames_complete_without_panic ... ok
test tests::restore_preserves_future_ay_strobes_at_each_guest_clock ... ok

test result: ok. 38 passed; 0 failed; 0 ignored; 0 measured; 0 filtered out; finished in 0.35s

     Running tests/bios_boot.rs (target/release/deps/bios_boot-e6d61f606bfcca2b)

running 2 tests
test rom_boots_to_initial_screen ... ignored, FIXTURE: needs Oric Atmos / Oric-1 ROM (16 KB) — run with --ignored
test rom_switches_hires_and_refresh_rate_through_the_ula ... ignored, FIXTURE: needs Oric Atmos / Oric-1 ROM (16 KB) — run with --ignored

test result: ok. 0 passed; 0 failed; 2 ignored; 0 measured; 0 filtered out; finished in 0.00s

     Running tests/synthetic_firmware_boot.rs (target/release/deps/synthetic_firmware_boot-d4f322ac949b8813)

running 2 tests
test the_control_image_renders_no_paper_at_all ... ok
test synthetic_firmware_runs_and_floods_the_display ... ok

test result: ok. 2 passed; 0 failed; 0 ignored; 0 measured; 0 filtered out; finished in 0.00s

     Running unittests src/lib.rs (target/release/deps/mos_via_6522-190c162cd90b4fbc)

running 27 tests
test tests::ca1_edge_sets_interrupt_and_port_access_clears_it ... ok
test tests::cb2_input_no_irq_clear_mode_persists_until_ifr_write ... ok
test tests::ier_set_and_clear_drive_irq_bit ... ok
test tests::handshake_outputs_go_low_on_access_and_high_on_the_active_edge ... ok
test tests::port_a_input_latch_holds_value_until_next_edge ... ok
test tests::port_b_reads_do_not_start_or_cancel_a_write_pulse ... ok
test tests::port_reads_mix_outputs_and_inputs ... ok
test tests::port_a_reads_and_writes_pulse_but_alternate_accesses_do_not ... ok
test tests::reading_ifr_does_not_clear_pending_flags ... ok
test tests::set_ca2_level_raises_interrupt_on_the_active_edge ... ok
test tests::set_ca1_level_raises_interrupt_without_tick ... ok
test tests::set_ca2_level_is_inert_when_ca2_is_an_output ... ok
test tests::shift_out_phi2_rate_emits_msb_first_over_16_ticks ... ok
test tests::sr_disabled_mode_clears_ifr_and_does_not_shift ... ok
test tests::sr_external_clock_shift_in_on_cb1_falling_edge ... ok
test tests::timer1_one_shot_flag_sets_n_plus_two_cycles_after_the_write ... ok
test tests::timer1_one_shot_keeps_visible_counter_advancing_after_irq ... ok
test tests::timer1_raises_irq_and_reloads_in_free_run ... ok
test tests::timer1_read_one_cycle_after_a_t1ch_write_returns_the_value_written ... ok
test tests::timer2_can_count_pb6_falling_edges ... ok
test tests::timer2_counts_phi2_cycles ... ok
test tests::timer2_pulse_load_counts_the_first_pb6_edge_without_a_delay ... ok
test tests::timer2_restart_retains_the_new_load_cycle ... ok
test tests::timer2_start_reads_match_timer1_in_interval_mode ... ok
test tests::timer2_flag_sets_after_the_load_and_countdown ... ok
test tests::timer2_keeps_counting_after_its_one_shot_interrupt ... ok
test tests::timer2_keeps_counting_pb6_edges_after_its_interrupt ... ok

test result: ok. 27 passed; 0 failed; 0 ignored; 0 measured; 0 filtered out; finished in 0.00s

     Running unittests src/lib.rs (target/release/deps/runtime_oric_atmos-42e19c6590ec2d3c)

running 11 tests
test input::tests::backslash_and_hash_are_separate_keys ... ok
test input::tests::colon_is_not_a_bare_keycap ... ok
test input::tests::maps_ground_truthed_cells ... ok
test input::tests::button_events_drive_the_ijk_sticks ... ok
test input::tests::unmapped_key_returns_none ... ok
test runtime::tests::every_legend_names_a_key_this_machine_has ... ok
test runtime::tests::the_arithmetic_operators_are_reachable ... ok
test profiles::tests::two_profiles ... ok
test runtime::tests::legends_are_one_to_one ... ok
test snapshot::tests::decode_rejects_old_schema_before_reading_payload ... ok
test snapshot::tests::decode_rejects_unsupported_version ... ok

test result: ok. 11 passed; 0 failed; 0 ignored; 0 measured; 0 filtered out; finished in 0.00s

     Running tests/cassette.rs (target/release/deps/cassette-6cf313804763e1d0)

running 3 tests
test unknown_slot_is_rejected ... ok
test malformed_tap_is_invalid_media ... ok
test valid_tap_mounts_and_survives_reset ... ok

test result: ok. 3 passed; 0 failed; 0 ignored; 0 measured; 0 filtered out; finished in 0.00s

     Running tests/snapshot_roundtrip.rs (target/release/deps/snapshot_roundtrip-f306a2031dc1f1e5)

running 1 test
test snapshot_round_trip_preserves_live_state ... ok

test result: ok. 1 passed; 0 failed; 0 ignored; 0 measured; 0 filtered out; finished in 0.00s

     Running tests/variants.rs (target/release/deps/variants-62626c337ef5d243)

running 1 test
test catalogue_switches_real_models_and_preserves_media_on_failure ... ok

test result: ok. 1 passed; 0 failed; 0 ignored; 0 measured; 0 filtered out; finished in 0.00s

   Doc-tests emu198x_gi_ay_3_8910

running 0 tests

test result: ok. 0 passed; 0 failed; 0 ignored; 0 measured; 0 filtered out; finished in 0.00s

   Doc-tests gi_ay_3_8912

running 0 tests

test result: ok. 0 passed; 0 failed; 0 ignored; 0 measured; 0 filtered out; finished in 0.00s

   Doc-tests machine_oric_atmos

running 0 tests

test result: ok. 0 passed; 0 failed; 0 ignored; 0 measured; 0 filtered out; finished in 0.00s

   Doc-tests mos_via_6522

running 0 tests

test result: ok. 0 passed; 0 failed; 0 ignored; 0 measured; 0 filtered out; finished in 0.00s

   Doc-tests runtime_oric_atmos

running 0 tests

test result: ok. 0 passed; 0 failed; 0 ignored; 0 measured; 0 filtered out; finished in 0.00s

